Sender: LSF System <lsfadmin@lh06c23>
Subject: Job 257280606: <plp-pilot> in cluster <chimera> Exited

Job <plp-pilot> was submitted from host <li04e02> by user <luj12> in cluster <chimera> at Mon Jul 20 15:57:35 2026
Job was executed on host(s) <2*lh06c23>, in queue <premium>, as user <luj12> in cluster <chimera> at Mon Jul 20 15:57:38 2026
</hpc/users/luj12> was used as the home directory.
</sc/arion/projects/rg_huangk06/variants_PLP_MSM/germline-plp-carrier-nf> was used as the working directory.
Started at Mon Jul 20 15:57:38 2026
Terminated at Mon Jul 20 15:58:19 2026
Results reported at Mon Jul 20 15:58:19 2026

Your job looked like:

------------------------------------------------------------
# LSBATCH: User input
ml java anaconda3 singularity-ce
source activate nextflow
export MINERVA_ALLOCATION=acc_rg_huangk06
export SINGULARITY_CACHEDIR=/sc/arion/work/$USER/singularity_cache
export SINGULARITY_TMPDIR=/sc/arion/work/$USER/singularity_tmp

cd /sc/arion/projects/rg_huangk06/variants_PLP_MSM/germline-plp-carrier-nf
nextflow run . \
    -profile minerva \
    -params-file params/msm.yaml \
    --classifiers clinvar \
    --input_vcfs '/sc/arion/projects/MSM/data/WES/combined/batch_001/pVCF/Target/Targeted_MSM_b001_260_chr10_133546508_133797422.vcf.gz' \
    --outdir '/sc/arion/projects/rg_huangk06/variants_PLP_MSM/results-pilot'

------------------------------------------------------------

Exited with exit code 1.

Resource usage summary:

    CPU time :                                   14.81 sec.
    Max Memory :                                 349 MB
    Average Memory :                             200.48 MB
    Total Requested Memory :                     16000.00 MB
    Delta Memory :                               15651.00 MB
    Max Swap :                                   -
    Max Processes :                              5
    Max Threads :                                32
    Run time :                                   41 sec.
    Turnaround time :                            44 sec.

The output (if any) follows:

N E X T F L O W  ~  version 23.10.1
Launching `./main.nf` [desperate_boltzmann] DSL2 - revision: 0b42667343
germline-plp-carrier-nf: classifiers = [clinvar]
[-        ] process > NORM_QC               -
[-        ] process > VEP_ANNOTATE          -
[-        ] process > VALIDATE_CHUNK        -
[-        ] process > CLINVAR_CLASSIFY      -
[-        ] process > PER_GENE_QC           -
[-        ] process > CARRIER_MATRIX        -
[-        ] process > CONCAT_CARRIER_MATRIX -
[-        ] process > MANIFEST              -

[-        ] process > NORM_QC               [  0%] 0 of 1
[-        ] process > VEP_ANNOTATE          -
[-        ] process > VALIDATE_CHUNK        -
[-        ] process > CLINVAR_CLASSIFY      -
[-        ] process > PER_GENE_QC           -
[-        ] process > CARRIER_MATRIX        -
[-        ] process > CONCAT_CARRIER_MATRIX -
[-        ] process > MANIFEST              [  0%] 0 of 1

executor >  lsf (2)
[58/d53981] process > NORM_QC (Targeted_MSM_b001_... [  0%] 0 of 1
[-        ] process > VEP_ANNOTATE                   -
[-        ] process > VALIDATE_CHUNK                 -
[-        ] process > CLINVAR_CLASSIFY               -
[-        ] process > PER_GENE_QC                    -
[-        ] process > CARRIER_MATRIX                 -
[-        ] process > CONCAT_CARRIER_MATRIX          -
[f2/a8a8e7] process > MANIFEST                       [  0%] 0 of 1

executor >  lsf (2)
[58/d53981] process > NORM_QC (Targeted_MSM_b001_... [  0%] 0 of 1
[-        ] process > VEP_ANNOTATE                   -
[-        ] process > VALIDATE_CHUNK                 -
[-        ] process > CLINVAR_CLASSIFY               -
[-        ] process > PER_GENE_QC                    -
[-        ] process > CARRIER_MATRIX                 -
[-        ] process > CONCAT_CARRIER_MATRIX          -
[f2/a8a8e7] process > MANIFEST                       [  0%] 0 of 1
ERROR ~ Error executing process > 'NORM_QC (Targeted_MSM_b001_260_chr10_133546508_133797422)'

Caused by:
  Process `NORM_QC (Targeted_MSM_b001_260_chr10_133546508_133797422)` terminated with an error exit status (255)

Command executed:

  set -euo pipefail
  if command -v bcftools >/dev/null 2>&1 && [ -s "Homo_sapiens.GRCh38.dna.primary_assembly.fa.gz" ]; then
      bcftools norm -m -any -f Homo_sapiens.GRCh38.dna.primary_assembly.fa.gz Targeted_MSM_b001_260_chr10_133546508_133797422.vcf.gz -Ov \
        | bcftools view -f PASS,. -Ov \
        | bcftools +setGT -Ov -- \
            -t q -n . \
            -i 'FMT/DP<10 | FMT/GQ<20' \
        > Targeted_MSM_b001_260_chr10_133546508_133797422.norm.vcf
  else
      # Test-profile fallback: no bcftools available; passthrough while asserting the file is a VCF.
      head -c 4 Targeted_MSM_b001_260_chr10_133546508_133797422.vcf.gz | grep -q '##' || { echo "not a VCF"; exit 2; }
      cp Targeted_MSM_b001_260_chr10_133546508_133797422.vcf.gz Targeted_MSM_b001_260_chr10_133546508_133797422.norm.vcf
  fi

Command exit status:
  255

Command output:
  (empty)

Command error:
  setGT:
  	dlopen   .. setGT: cannot open shared object file: No such file or directory
  
  The bcftools plugin "setGT" was not found or is not functional. The environment variable BCFTOOLS_PLUGINS is not set
  and no usable plugins were found in /usr/local/libexec/bcftools.
  
  Could not load "setGT".
  
  [E::fai_build3_core] Cannot index files compressed with gzip, please use bgzip
  Failed to load the fai index: Homo_sapiens.GRCh38.dna.primary_assembly.fa.gz
  Failed to read from standard input: unknown file type

Work dir:
  /sc/arion/scratch/luj12/nf-germline-plp-carrier/58/d53981519f335aef4b7186ed70d7a6

Tip: you can replicate the issue by changing to the process work dir and entering the command `bash .command.run`

 -- Check '.nextflow.log' file for details

executor >  lsf (2)
[58/d53981] process > NORM_QC (Targeted_MSM_b001_... [100%] 1 of 1, failed: 1 ✘
[-        ] process > VEP_ANNOTATE                   -
[-        ] process > VALIDATE_CHUNK                 -
[-        ] process > CLINVAR_CLASSIFY               -
[-        ] process > PER_GENE_QC                    -
[-        ] process > CARRIER_MATRIX                 -
[-        ] process > CONCAT_CARRIER_MATRIX          -
[f2/a8a8e7] process > MANIFEST                       [100%] 1 of 1 ✔
Execution cancelled -- Finishing pending tasks before exit
ERROR ~ Error executing process > 'NORM_QC (Targeted_MSM_b001_260_chr10_133546508_133797422)'

Caused by:
  Process `NORM_QC (Targeted_MSM_b001_260_chr10_133546508_133797422)` terminated with an error exit status (255)

Command executed:

  set -euo pipefail
  if command -v bcftools >/dev/null 2>&1 && [ -s "Homo_sapiens.GRCh38.dna.primary_assembly.fa.gz" ]; then
      bcftools norm -m -any -f Homo_sapiens.GRCh38.dna.primary_assembly.fa.gz Targeted_MSM_b001_260_chr10_133546508_133797422.vcf.gz -Ov \
        | bcftools view -f PASS,. -Ov \
        | bcftools +setGT -Ov -- \
            -t q -n . \
            -i 'FMT/DP<10 | FMT/GQ<20' \
        > Targeted_MSM_b001_260_chr10_133546508_133797422.norm.vcf
  else
      # Test-profile fallback: no bcftools available; passthrough while asserting the file is a VCF.
      head -c 4 Targeted_MSM_b001_260_chr10_133546508_133797422.vcf.gz | grep -q '##' || { echo "not a VCF"; exit 2; }
      cp Targeted_MSM_b001_260_chr10_133546508_133797422.vcf.gz Targeted_MSM_b001_260_chr10_133546508_133797422.norm.vcf
  fi

Command exit status:
  255

Command output:
  (empty)

Command error:
  setGT:
  	dlopen   .. setGT: cannot open shared object file: No such file or directory
  
  The bcftools plugin "setGT" was not found or is not functional. The environment variable BCFTOOLS_PLUGINS is not set
  and no usable plugins were found in /usr/local/libexec/bcftools.
  
  Could not load "setGT".
  
  [E::fai_build3_core] Cannot index files compressed with gzip, please use bgzip
  Failed to load the fai index: Homo_sapiens.GRCh38.dna.primary_assembly.fa.gz
  Failed to read from standard input: unknown file type

Work dir:
  /sc/arion/scratch/luj12/nf-germline-plp-carrier/58/d53981519f335aef4b7186ed70d7a6

Tip: you can replicate the issue by changing to the process work dir and entering the command `bash .command.run`

 -- Check '.nextflow.log' file for details

executor >  lsf (2)
[58/d53981] process > NORM_QC (Targeted_MSM_b001_... [100%] 1 of 1, failed: 1 ✘
[-        ] process > VEP_ANNOTATE                   -
[-        ] process > VALIDATE_CHUNK                 -
[-        ] process > CLINVAR_CLASSIFY               -
[-        ] process > PER_GENE_QC                    -
[-        ] process > CARRIER_MATRIX                 -
[-        ] process > CONCAT_CARRIER_MATRIX          -
[f2/a8a8e7] process > MANIFEST                       [100%] 1 of 1 ✔
Execution cancelled -- Finishing pending tasks before exit
ERROR ~ Error executing process > 'NORM_QC (Targeted_MSM_b001_260_chr10_133546508_133797422)'

Caused by:
  Process `NORM_QC (Targeted_MSM_b001_260_chr10_133546508_133797422)` terminated with an error exit status (255)

Command executed:

  set -euo pipefail
  if command -v bcftools >/dev/null 2>&1 && [ -s "Homo_sapiens.GRCh38.dna.primary_assembly.fa.gz" ]; then
      bcftools norm -m -any -f Homo_sapiens.GRCh38.dna.primary_assembly.fa.gz Targeted_MSM_b001_260_chr10_133546508_133797422.vcf.gz -Ov \
        | bcftools view -f PASS,. -Ov \
        | bcftools +setGT -Ov -- \
            -t q -n . \
            -i 'FMT/DP<10 | FMT/GQ<20' \
        > Targeted_MSM_b001_260_chr10_133546508_133797422.norm.vcf
  else
      # Test-profile fallback: no bcftools available; passthrough while asserting the file is a VCF.
      head -c 4 Targeted_MSM_b001_260_chr10_133546508_133797422.vcf.gz | grep -q '##' || { echo "not a VCF"; exit 2; }
      cp Targeted_MSM_b001_260_chr10_133546508_133797422.vcf.gz Targeted_MSM_b001_260_chr10_133546508_133797422.norm.vcf
  fi

Command exit status:
  255

Command output:
  (empty)

Command error:
  setGT:
  	dlopen   .. setGT: cannot open shared object file: No such file or directory
  
  The bcftools plugin "setGT" was not found or is not functional. The environment variable BCFTOOLS_PLUGINS is not set
  and no usable plugins were found in /usr/local/libexec/bcftools.
  
  Could not load "setGT".
  
  [E::fai_build3_core] Cannot index files compressed with gzip, please use bgzip
  Failed to load the fai index: Homo_sapiens.GRCh38.dna.primary_assembly.fa.gz
  Failed to read from standard input: unknown file type

Work dir:
  /sc/arion/scratch/luj12/nf-germline-plp-carrier/58/d53981519f335aef4b7186ed70d7a6

Tip: you can replicate the issue by changing to the process work dir and entering the command `bash .command.run`

 -- Check '.nextflow.log' file for details



PS:

Read file <logs/pilot.257280606.err> for stderr output of this job.

