Sender: LSF System <lsfadmin@lc06e59>
Subject: Job 257280452: <plp-pilot> in cluster <chimera> Exited

Job <plp-pilot> was submitted from host <li04e02> by user <luj12> in cluster <chimera> at Mon Jul 20 15:52:51 2026
Job was executed on host(s) <2*lc06e59>, in queue <premium>, as user <luj12> in cluster <chimera> at Mon Jul 20 15:52:52 2026
</hpc/users/luj12> was used as the home directory.
</sc/arion/projects/rg_huangk06/variants_PLP_MSM/germline-plp-carrier-nf> was used as the working directory.
Started at Mon Jul 20 15:52:52 2026
Terminated at Mon Jul 20 15:53:03 2026
Results reported at Mon Jul 20 15:53:03 2026

Your job looked like:

------------------------------------------------------------
# LSBATCH: User input
ml java anaconda3 singularity-ce
source activate nextflow
export MINERVA_ALLOCATION=acc_rg_huangk06
export SINGULARITY_CACHEDIR=/sc/arion/work/$USER/singularity_cache
export SINGULARITY_TMPDIR=/sc/arion/work/$USER/singularity_tmp

cd /sc/arion/projects/rg_huangk06/variants_PLP_MSM/germline-plp-carrier-nf
nextflow run . \
    -profile minerva \
    -params-file params/msm.yaml \
    --classifiers clinvar \
    --input_vcfs '/sc/arion/projects/MSM/data/WES/combined/batch_001/pVCF/Target/Targeted_MSM_b001_260_chr10_133546508_133797422.vcf.gz' \
    --outdir '/sc/arion/projects/rg_huangk06/variants_PLP_MSM/results-pilot'

------------------------------------------------------------

Exited with exit code 1.

Resource usage summary:

    CPU time :                                   7.86 sec.
    Max Memory :                                 197 MB
    Average Memory :                             103.62 MB
    Total Requested Memory :                     16000.00 MB
    Delta Memory :                               15803.00 MB
    Max Swap :                                   -
    Max Processes :                              6
    Max Threads :                                23
    Run time :                                   11 sec.
    Turnaround time :                            12 sec.

The output (if any) follows:

N E X T F L O W  ~  version 23.10.1
Launching `./main.nf` [cheesy_wiles] DSL2 - revision: 0b42667343


PS:

Read file <logs/pilot.257280452.err> for stderr output of this job.

