Sender: LSF System <lsfadmin@lh05g08>
Subject: Job 257281510: <plp-pilot> in cluster <chimera> Exited

Job <plp-pilot> was submitted from host <li04e02> by user <luj12> in cluster <chimera> at Mon Jul 20 16:49:09 2026
Job was executed on host(s) <2*lh05g08>, in queue <premium>, as user <luj12> in cluster <chimera> at Mon Jul 20 16:49:14 2026
</hpc/users/luj12> was used as the home directory.
</sc/arion/projects/rg_huangk06/variants_PLP_MSM/germline-plp-carrier-nf> was used as the working directory.
Started at Mon Jul 20 16:49:14 2026
Terminated at Mon Jul 20 16:49:22 2026
Results reported at Mon Jul 20 16:49:22 2026

Your job looked like:

------------------------------------------------------------
# LSBATCH: User input
ml java anaconda3 singularity-ce
source activate nextflow
export MINERVA_ALLOCATION=acc_rg_huangk06
export SINGULARITY_CACHEDIR=/sc/arion/work/$USER/singularity_cache
export SINGULARITY_TMPDIR=/sc/arion/work/$USER/singularity_tmp
export http_proxy=http://172.28.7.1:3128 https_proxy=http://172.28.7.1:3128 all_proxy=http://172.28.7.1:3128
export no_proxy=localhost,*.chimera.hpc.mssm.edu,172.28.0.0/16
export NXF_OFFLINE=true
export NXF_DISABLE_CHECK_LATEST=true
cd /sc/arion/projects/rg_huangk06/variants_PLP_MSM/germline-plp-carrier-nf
nextflow run . -profile minerva -params-file params/msm.local.yaml \
    --classifiers clinvar --input_vcfs "$SMALLEST" --outdir "/sc/arion/projects/rg_huangk06/variants_PLP_MSM/results-pilot" -resume

------------------------------------------------------------

Exited with exit code 1.

Resource usage summary:

    CPU time :                                   10.76 sec.
    Max Memory :                                 279 MB
    Average Memory :                             185.33 MB
    Total Requested Memory :                     16000.00 MB
    Delta Memory :                               15721.00 MB
    Max Swap :                                   -
    Max Processes :                              4
    Max Threads :                                27
    Run time :                                   8 sec.
    Turnaround time :                            13 sec.

The output (if any) follows:

N E X T F L O W  ~  version 23.10.1
Launching `./main.nf` [curious_banach] DSL2 - revision: 0b42667343
germline-plp-carrier-nf: classifiers = [clinvar]
[-        ] process > NORM_QC          -
[-        ] process > VEP_ANNOTATE     -
[-        ] process > VALIDATE_CHUNK   -
[-        ] process > CLINVAR_CLASSIFY -

[-        ] process > NORM_QC               -
[-        ] process > VEP_ANNOTATE          -
[-        ] process > VALIDATE_CHUNK        -
[-        ] process > CLINVAR_CLASSIFY      -
[-        ] process > PER_GENE_QC           -
[-        ] process > CARRIER_MATRIX        -
[-        ] process > CONCAT_CARRIER_MATRIX -
[-        ] process > MANIFEST              -
ERROR ~ No signature of method: java.lang.Boolean.getFileSystem() is applicable for argument types: () values: []

 -- Check '.nextflow.log' file for details

[-        ] process > NORM_QC               -
[-        ] process > VEP_ANNOTATE          -
[-        ] process > VALIDATE_CHUNK        -
[-        ] process > CLINVAR_CLASSIFY      -
[-        ] process > PER_GENE_QC           -
[-        ] process > CARRIER_MATRIX        -
[-        ] process > CONCAT_CARRIER_MATRIX -
[-        ] process > MANIFEST              -
ERROR ~ No signature of method: java.lang.Boolean.getFileSystem() is applicable for argument types: () values: []

 -- Check '.nextflow.log' file for details



PS:

Read file <logs/pilot.257281510.err> for stderr output of this job.

