Sender: LSF System <lsfadmin@lc06e30>
Subject: Job 257284134: <plp-pilot> in cluster <chimera> Exited

Job <plp-pilot> was submitted from host <li04e02> by user <luj12> in cluster <chimera> at Mon Jul 20 17:45:28 2026
Job was executed on host(s) <2*lc06e30>, in queue <premium>, as user <luj12> in cluster <chimera> at Mon Jul 20 17:45:30 2026
</hpc/users/luj12> was used as the home directory.
</sc/arion/projects/rg_huangk06/variants_PLP_MSM/germline-plp-carrier-nf> was used as the working directory.
Started at Mon Jul 20 17:45:30 2026
Terminated at Mon Jul 20 17:46:09 2026
Results reported at Mon Jul 20 17:46:09 2026

Your job looked like:

------------------------------------------------------------
# LSBATCH: User input
ml java anaconda3 singularity-ce
source activate nextflow
export MINERVA_ALLOCATION=acc_rg_huangk06
export SINGULARITY_CACHEDIR=/sc/arion/work/$USER/singularity_cache
export SINGULARITY_TMPDIR=/sc/arion/work/$USER/singularity_tmp
export http_proxy=http://172.28.7.1:3128 https_proxy=http://172.28.7.1:3128 all_proxy=http://172.28.7.1:3128
export no_proxy=localhost,*.chimera.hpc.mssm.edu,172.28.0.0/16
export NXF_OFFLINE=true
export NXF_DISABLE_CHECK_LATEST=true
cd /sc/arion/projects/rg_huangk06/variants_PLP_MSM/germline-plp-carrier-nf
nextflow run . -profile minerva -params-file params/msm.local.yaml \
    --classifiers clinvar --input_vcfs '/sc/arion/projects/MSM/data/WES/combined/batch_001/pVCF/Target/Targeted_MSM_b001_260_chr10_133546508_133797422.vcf.gz' --outdir '/sc/arion/projects/rg_huangk06/variants_PLP_MSM/results-pilot'

------------------------------------------------------------

Exited with exit code 1.

Resource usage summary:

    CPU time :                                   11.38 sec.
    Max Memory :                                 284 MB
    Average Memory :                             195.64 MB
    Total Requested Memory :                     16000.00 MB
    Delta Memory :                               15716.00 MB
    Max Swap :                                   -
    Max Processes :                              5
    Max Threads :                                28
    Run time :                                   39 sec.
    Turnaround time :                            41 sec.

The output (if any) follows:

N E X T F L O W  ~  version 23.10.1
Launching `./main.nf` [ecstatic_swartz] DSL2 - revision: c58be7bd15
germline-plp-carrier-nf: classifiers = [clinvar]
[-        ] process > NORM_QC               -
[-        ] process > VEP_ANNOTATE          -
[-        ] process > VALIDATE_CHUNK        -
[-        ] process > CLINVAR_CLASSIFY      -
[-        ] process > PER_GENE_QC           -
[-        ] process > CARRIER_MATRIX        -
[-        ] process > CONCAT_CARRIER_MATRIX -

[-        ] process > NORM_QC               [  0%] 0 of 1
[-        ] process > VEP_ANNOTATE          -
[-        ] process > VALIDATE_CHUNK        -
[-        ] process > CLINVAR_CLASSIFY      -
[-        ] process > PER_GENE_QC           -
[-        ] process > CARRIER_MATRIX        -
[-        ] process > CONCAT_CARRIER_MATRIX -
[-        ] process > MANIFEST              [  0%] 0 of 1

executor >  lsf (2)
[a8/d78c58] process > NORM_QC (Targeted_MSM_b001_... [  0%] 0 of 1
[-        ] process > VEP_ANNOTATE                   -
[-        ] process > VALIDATE_CHUNK                 -
[-        ] process > CLINVAR_CLASSIFY               -
[-        ] process > PER_GENE_QC                    -
[-        ] process > CARRIER_MATRIX                 -
[-        ] process > CONCAT_CARRIER_MATRIX          -
[4b/216e03] process > MANIFEST                       [  0%] 0 of 1

executor >  lsf (2)
[a8/d78c58] process > NORM_QC (Targeted_MSM_b001_... [  0%] 0 of 1
[-        ] process > VEP_ANNOTATE                   -
[-        ] process > VALIDATE_CHUNK                 -
[-        ] process > CLINVAR_CLASSIFY               -
[-        ] process > PER_GENE_QC                    -
[-        ] process > CARRIER_MATRIX                 -
[-        ] process > CONCAT_CARRIER_MATRIX          -
[4b/216e03] process > MANIFEST                       [100%] 1 of 1 ✔
ERROR ~ Error executing process > 'NORM_QC (Targeted_MSM_b001_260_chr10_133546508_133797422)'

Caused by:
  Process `NORM_QC (Targeted_MSM_b001_260_chr10_133546508_133797422)` terminated with an error exit status (255)

Command executed:

  set -euo pipefail
  if command -v bcftools >/dev/null 2>&1 && [ -s "Homo_sapiens.GRCh38.dna.primary_assembly.fa.bgz" ]; then
      bcftools norm -m -any -f Homo_sapiens.GRCh38.dna.primary_assembly.fa.bgz Targeted_MSM_b001_260_chr10_133546508_133797422.vcf.gz -Ov \
        | bcftools view -f PASS,. -Ov \
        | bcftools +setGT -Ov -- \
            -t q -n . \
            -i 'FMT/DP<10 | FMT/GQ<20' \
        > Targeted_MSM_b001_260_chr10_133546508_133797422.norm.vcf
  else
      # Test-profile fallback: no bcftools available; passthrough while asserting the file is a VCF.
      head -c 4 Targeted_MSM_b001_260_chr10_133546508_133797422.vcf.gz | grep -q '##' || { echo "not a VCF"; exit 2; }
      cp Targeted_MSM_b001_260_chr10_133546508_133797422.vcf.gz Targeted_MSM_b001_260_chr10_133546508_133797422.norm.vcf
  fi

Command exit status:
  255

Command output:
  (empty)

Command error:
  [E::faidx_adjust_position] The sequence "chr10" was not found
  faidx_fetch_seq failed at chr10:133554306
  Filled 0 alleles

Work dir:
  /sc/arion/scratch/luj12/nf-germline-plp-carrier/a8/d78c58fd0ce181dd74258fe0609161

Tip: you can replicate the issue by changing to the process work dir and entering the command `bash .command.run`

 -- Check '.nextflow.log' file for details

executor >  lsf (2)
[a8/d78c58] process > NORM_QC (Targeted_MSM_b001_... [100%] 1 of 1, failed: 1 ✘
[-        ] process > VEP_ANNOTATE                   -
[-        ] process > VALIDATE_CHUNK                 -
[-        ] process > CLINVAR_CLASSIFY               -
[-        ] process > PER_GENE_QC                    -
[-        ] process > CARRIER_MATRIX                 -
[-        ] process > CONCAT_CARRIER_MATRIX          -
[4b/216e03] process > MANIFEST                       [100%] 1 of 1 ✔
Execution cancelled -- Finishing pending tasks before exit
ERROR ~ Error executing process > 'NORM_QC (Targeted_MSM_b001_260_chr10_133546508_133797422)'

Caused by:
  Process `NORM_QC (Targeted_MSM_b001_260_chr10_133546508_133797422)` terminated with an error exit status (255)

Command executed:

  set -euo pipefail
  if command -v bcftools >/dev/null 2>&1 && [ -s "Homo_sapiens.GRCh38.dna.primary_assembly.fa.bgz" ]; then
      bcftools norm -m -any -f Homo_sapiens.GRCh38.dna.primary_assembly.fa.bgz Targeted_MSM_b001_260_chr10_133546508_133797422.vcf.gz -Ov \
        | bcftools view -f PASS,. -Ov \
        | bcftools +setGT -Ov -- \
            -t q -n . \
            -i 'FMT/DP<10 | FMT/GQ<20' \
        > Targeted_MSM_b001_260_chr10_133546508_133797422.norm.vcf
  else
      # Test-profile fallback: no bcftools available; passthrough while asserting the file is a VCF.
      head -c 4 Targeted_MSM_b001_260_chr10_133546508_133797422.vcf.gz | grep -q '##' || { echo "not a VCF"; exit 2; }
      cp Targeted_MSM_b001_260_chr10_133546508_133797422.vcf.gz Targeted_MSM_b001_260_chr10_133546508_133797422.norm.vcf
  fi

Command exit status:
  255

Command output:
  (empty)

Command error:
  [E::faidx_adjust_position] The sequence "chr10" was not found
  faidx_fetch_seq failed at chr10:133554306
  Filled 0 alleles

Work dir:
  /sc/arion/scratch/luj12/nf-germline-plp-carrier/a8/d78c58fd0ce181dd74258fe0609161

Tip: you can replicate the issue by changing to the process work dir and entering the command `bash .command.run`

 -- Check '.nextflow.log' file for details



PS:

Read file <logs/pilot.257284134.err> for stderr output of this job.

